../Core/Src/main.c:90:6:HAL_UARTEx_RxEventCallback	16	static
../Core/Src/main.c:118:5:main	16	static
../Core/Src/main.c:200:6:SystemClock_Config	88	static
../Core/Src/main.c:247:13:MX_DCMI_Init	8	static
../Core/Src/main.c:280:13:MX_I2C2_Init	8	static
../Core/Src/main.c:314:13:MX_TIM2_Init	64	static
../Core/Src/main.c:373:13:MX_TIM3_Init	64	static
../Core/Src/main.c:432:13:MX_USART2_UART_Init	8	static
../Core/Src/main.c:463:13:MX_DMA_Init	16	static
../Core/Src/main.c:488:13:MX_GPIO_Init	56	static
../Core/Src/main.c:559:13:MX_FSMC_Init	40	static
../Core/Src/main.c:619:6:Error_Handler	4	static,ignoring_inline_asm
