../Core/Src/stm32f4xx_it.c:75:6:NMI_Handler	4	static
../Core/Src/stm32f4xx_it.c:90:6:HardFault_Handler	4	static
../Core/Src/stm32f4xx_it.c:105:6:MemManage_Handler	4	static
../Core/Src/stm32f4xx_it.c:120:6:BusFault_Handler	4	static
../Core/Src/stm32f4xx_it.c:135:6:UsageFault_Handler	4	static
../Core/Src/stm32f4xx_it.c:150:6:SVC_Handler	4	static
../Core/Src/stm32f4xx_it.c:163:6:DebugMon_Handler	4	static
../Core/Src/stm32f4xx_it.c:176:6:PendSV_Handler	4	static
../Core/Src/stm32f4xx_it.c:189:6:SysTick_Handler	8	static
../Core/Src/stm32f4xx_it.c:210:6:RCC_IRQHandler	4	static
../Core/Src/stm32f4xx_it.c:223:6:DMA1_Stream5_IRQHandler	8	static
../Core/Src/stm32f4xx_it.c:237:6:DMA1_Stream6_IRQHandler	8	static
../Core/Src/stm32f4xx_it.c:251:6:TIM2_IRQHandler	8	static
../Core/Src/stm32f4xx_it.c:265:6:TIM3_IRQHandler	8	static
../Core/Src/stm32f4xx_it.c:279:6:USART2_IRQHandler	8	static
../Core/Src/stm32f4xx_it.c:293:6:DMA2_Stream1_IRQHandler	8	static
../Core/Src/stm32f4xx_it.c:308:6:DCMI_IRQHandler	8	static
