../Core/Src/stm32f4xx_hal_msp.c:70:6:HAL_MspInit	16	static
../Core/Src/stm32f4xx_hal_msp.c:97:6:HAL_DCMI_MspInit	56	static
../Core/Src/stm32f4xx_hal_msp.c:180:6:HAL_DCMI_MspDeInit	16	static
../Core/Src/stm32f4xx_hal_msp.c:227:6:HAL_I2C_MspInit	48	static
../Core/Src/stm32f4xx_hal_msp.c:263:6:HAL_I2C_MspDeInit	16	static
../Core/Src/stm32f4xx_hal_msp.c:294:6:HAL_TIM_Base_MspInit	24	static
../Core/Src/stm32f4xx_hal_msp.c:327:6:HAL_TIM_MspPostInit	48	static
../Core/Src/stm32f4xx_hal_msp.c:379:6:HAL_TIM_Base_MspDeInit	16	static
../Core/Src/stm32f4xx_hal_msp.c:418:6:HAL_UART_MspInit	48	static
../Core/Src/stm32f4xx_hal_msp.c:494:6:HAL_UART_MspDeInit	16	static
../Core/Src/stm32f4xx_hal_msp.c:525:13:HAL_FSMC_MspInit	32	static
../Core/Src/stm32f4xx_hal_msp.c:583:6:HAL_SRAM_MspInit	16	static
../Core/Src/stm32f4xx_hal_msp.c:595:13:HAL_FSMC_MspDeInit	8	static
../Core/Src/stm32f4xx_hal_msp.c:641:6:HAL_SRAM_MspDeInit	16	static
